src/modules/auth/application/registerUseCase.ts(6,10): error TS2305: Module '"../domain/registerValidation"' has no exported member 'validateRegisterFields'.
src/modules/auth/domain/__tests__/registerValidation.test.ts(3,3): error TS2305: Module '"../registerValidation"' has no exported member 'validateAlphaField'.
src/modules/auth/domain/__tests__/registerValidation.test.ts(5,3): error TS2459: Module '"../registerValidation"' declares 'validatePassword' locally, but it is not exported.
src/modules/auth/domain/__tests__/registerValidation.test.ts(6,3): error TS2305: Module '"../registerValidation"' has no exported member 'validateRegisterFields'.
src/modules/profile/application/__tests__/userProfileUseCases.test.ts(17,3): error TS2740: Type '{ showEmail: true; showProfession: true; showBio: true; }' is missing the following properties from type '{ showEmail: boolean; showProfession: boolean; showBio: boolean; showInstagram: boolean; showFacebook: boolean; showYoutube: boolean; showTechSkills: boolean; showSoftSkills: boolean; showExperience: boolean; showEducation: boolean; }': showInstagram, showFacebook, showYoutube, showTechSkills, and 3 more.
src/modules/profile/domain/__tests__/userProfile.rules.test.ts(12,3): error TS2740: Type '{ showEmail: true; showProfession: false; showBio: true; }' is missing the following properties from type '{ showEmail: boolean; showProfession: boolean; showBio: boolean; showInstagram: boolean; showFacebook: boolean; showYoutube: boolean; showTechSkills: boolean; showSoftSkills: boolean; showExperience: boolean; showEducation: boolean; }': showInstagram, showFacebook, showYoutube, showTechSkills, and 3 more.
src/modules/profile/presentation/components/__tests__/GeneralInfoForm.test.tsx(13,3): error TS2740: Type '{ showEmail: true; showProfession: true; showBio: true; }' is missing the following properties from type '{ showEmail: boolean; showProfession: boolean; showBio: boolean; showInstagram: boolean; showFacebook: boolean; showYoutube: boolean; showTechSkills: boolean; showSoftSkills: boolean; showExperience: boolean; showEducation: boolean; }': showInstagram, showFacebook, showYoutube, showTechSkills, and 3 more.
src/modules/profile/presentation/components/__tests__/VisibilityToggles.test.tsx(10,9): error TS2740: Type '{ showEmail: true; showProfession: false; showBio: true; }' is missing the following properties from type '{ showEmail: boolean; showProfession: boolean; showBio: boolean; showInstagram: boolean; showFacebook: boolean; showYoutube: boolean; showTechSkills: boolean; showSoftSkills: boolean; showExperience: boolean; showEducation: boolean; }': showInstagram, showFacebook, showYoutube, showTechSkills, and 3 more.
